// Vitest Snapshot v1, https://vitest.dev/guide/snapshot.html

exports[`User > me > should get me 1`] = `
{
  "created_at": 2022-04-05T23:50:19.920Z,
  "description": "description",
  "email": "my@email.com",
  "features": [
    "create:session",
    "read:session",
    "create:content",
    "create:content:text_root",
    "create:content:text_child",
    "update:content",
    "update:user",
  ],
  "id": "id",
  "notifications": true,
  "tabcash": 10,
  "tabcoins": 9,
  "updated_at": 2022-04-05T23:50:56.545Z,
  "username": "username",
}
`;

exports[`User > me > should throw an error when has no session 1`] = `"Usuário não pode executar esta operação."`;
